;IR code
;PUSH
;PUSH
;PUSH
;PUSH
;PUSH
;JSR main
;HALT
;LABEL main
;LINK 6
;READF $-5
;STOREI 1 !T0
;STOREI !T0 $-2
;STOREF !T0 $-4
;STOREI 100 !T1
;STOREI !T1 $-1
;LABEL label1
;STOREI 0 !T2
;EQ $-1 !T2 label3
;STOREF 0.5 !T5
;DIVF $-5 $-4 !T6
;ADDF $-4 !T6 !T7
;MULTF !T5 !T7 !T8
;STOREF !T8 $-3
;STOREF !T8 $-4
;LABEL label2
;STOREI 1 !T3
;SUBI $-1 !T3 !T4
;STOREI !T4 $-1
;JUMP label1
;LABEL label3
;WRITEF $-4
;WRITES eol
;UNLINK
;RET
var i
var j
var newapprox
var approx
var num
str eol "\n"
push
push
push
push
push
jsr labelmain
sys halt
label labelmain
link 5
sys readr num
move 1 r0
move r0 j
move num r0
move r0 approx
move 100 r0
move r0 i
label label1
move 0 r0
cmpi i r0
jeq label3
move 0.5 r0
move num r1
divr approx r1
move approx r2
addr r1 r2
mulr r0 r2
move r2 newapprox
move newapprox r0
move r0 approx
label label2
move 1 r0
move i r1
subi r0 r1
move r1 i
jmp label1
label label3
sys writer approx
sys writes eol
unlnk
ret
