;IR code
;PUSH
;PUSH
;PUSH
;PUSH
;PUSH
;JSR main
;HALT
;LABEL factorial
;LINK 3
;STOREI 1 !T0
;NE $2 !T0 label1
;STOREI 1 !T1
;STOREI !T1 $7
;UNLINK
;RET
;JUMP label2
;LABEL label1
;STOREI 1 !T2
;SUBI $2 !T2 !T3
;PUSH
;PUSHREG
;PUSH !T3
;JSR factorial
;POP
;POPREG
;POP !T4
;STOREI !T4 $-2
;MULTI $-2 $2 !T5
;STOREI !T5 $-1
;LABEL label2
;STOREI $-1 $7
;UNLINK
;RET
;LABEL main
;LINK 3
;WRITES input
;READI $-1
;STOREI 1 !T6
;NE $-1 !T6 label3
;STOREI 1 !T7
;STOREI !T7 $-2
;JUMP label4
;LABEL label3
;STOREI 1 !T8
;LE $-1 !T8 label5
;PUSH
;PUSHREG
;PUSH $-1
;JSR factorial
;POP
;POPREG
;POP !T9
;STOREI !T9 $-2
;JUMP label6
;LABEL label5
;STOREI 0 !T10
;STOREI !T10 $-2
;LABEL label6
;LABEL label4
;WRITEI $-2
;WRITES eol
;STOREI 0 !T11
;STOREI !T11 $6
;UNLINK
;RET
str input "Please enter an integer number: "
str eol "\n"
var ret
var tret
var num
var result
push
push
push
push
push
jsr labelmain
sys halt
label labelfactorial
link 3
move 1 r0
cmpi $2 r0
jne label1
move 1 r0
move r0 $7
unlnk
ret
jmp label2
label label1
move 1 r0
move $2 r1
subi r0 r1
push
push r0
push r1
push r2
push r3
push r1
jsr labelfactorial
pop
pop r3
pop r2
pop r1
pop r0
pop r0
move r0 $-2
move $-2 r0
muli $2 r0
move r0 $-1
label label2
move $-1 r0
move r0 $7
unlnk
ret
label labelmain
link 3
sys writes input
sys readi $-1
move 1 r0
cmpi $-1 r0
jne label3
move 1 r0
move r0 $-2
jmp label4
label label3
move 1 r0
cmpi $-1 r0
jle label5
push
push r0
push r1
push r2
push r3
push $-1
jsr labelfactorial
pop
pop r3
pop r2
pop r1
pop r0
pop r0
move r0 $-2
jmp label6
label label5
move 0 r0
move r0 $-2
label label6
label label4
sys writei $-2
sys writes eol
move 0 r0
move r0 $6
unlnk
ret
