;IR code
;PUSH
;PUSH
;PUSH
;PUSH
;PUSH
;JSR main
;HALT
;LABEL F
;LINK 3
;STOREI 2 !T0
;LE $2 !T0 label1
;STOREI 1 !T1
;SUBI $2 !T1 !T2
;PUSH
;PUSHREG
;PUSH !T2
;JSR F
;POP
;POPREG
;POP !T3
;STOREI !T3 $-1
;STOREI 2 !T4
;SUBI $2 !T4 !T5
;PUSH
;PUSHREG
;PUSH !T5
;JSR F
;POP
;POPREG
;POP !T6
;STOREI !T6 $-2
;ADDI $-1 $-2 !T7
;STOREI !T7 $7
;UNLINK
;RET
;JUMP label2
;LABEL label1
;STOREI 0 !T8
;NE $2 !T8 label3
;STOREI 0 !T9
;STOREI !T9 $7
;UNLINK
;RET
;JUMP label4
;LABEL label3
;STOREI 1 !T10
;NE $2 !T10 label5
;STOREI 1 !T11
;STOREI !T11 $7
;UNLINK
;RET
;JUMP label6
;LABEL label5
;STOREI 1 !T12
;STOREI !T12 $7
;UNLINK
;RET
;LABEL label6
;LABEL label4
;LABEL label2
;UNLINK
;RET
;LABEL main
;LINK 4
;WRITES input
;READI $-2
;STOREI 0 !T13
;STOREI !T13 $-1
;LABEL label7
;EQ $-1 $-2 label9
;PUSH
;PUSHREG
;PUSH $-1
;JSR F
;POP
;POPREG
;POP !T16
;STOREI !T16 $-3
;WRITEI $-1
;WRITES space
;WRITEI $-3
;WRITES eol
;LABEL label8
;STOREI 1 !T14
;ADDI $-1 !T14 !T15
;STOREI !T15 $-1
;JUMP label7
;LABEL label9
;STOREI 0 !T17
;STOREI !T17 $6
;UNLINK
;RET
str input "Please input an integer number: "
str space " "
str eol "\n"
var ret1
var ret2
var i
var end
var result
push
push
push
push
push
jsr labelmain
sys halt
label labelF
link 3
move 2 r0
cmpi $2 r0
jle label1
move 1 r0
move $2 r1
subi r0 r1
push
push r0
push r1
push r2
push r3
push r1
jsr labelF
pop
pop r3
pop r2
pop r1
pop r0
pop r0
move r0 $-1
move 2 r0
move $2 r1
subi r0 r1
push
push r0
push r1
push r2
push r3
push r1
jsr labelF
pop
pop r3
pop r2
pop r1
pop r0
pop r0
move r0 $-2
move $-1 r0
addi $-2 r0
move r0 $7
unlnk
ret
jmp label2
label label1
move 0 r0
cmpi $2 r0
jne label3
move 0 r0
move r0 $7
unlnk
ret
jmp label4
label label3
move 1 r0
cmpi $2 r0
jne label5
move 1 r0
move r0 $7
unlnk
ret
jmp label6
label label5
move 1 r0
move r0 $7
unlnk
ret
label label6
label label4
label label2
unlnk
ret
label labelmain
link 4
sys writes input
sys readi $-2
move 0 r0
move r0 $-1
label label7
move $-2 r0
cmpi $-1 r0
jeq label9
push
push r0
push r1
push r2
push r3
push $-1
jsr labelF
pop
pop r3
pop r2
pop r1
pop r0
pop r0
move r0 $-3
sys writei $-1
sys writes space
sys writei $-3
sys writes eol
label label8
move 1 r0
move $-1 r1
addi r0 r1
move r1 $-1
jmp label7
label label9
move 0 r0
move r0 $6
unlnk
ret
