;IR code
;PUSH
;PUSH
;PUSH
;PUSH
;PUSH
;JSR main
;HALT
;LABEL main
;LINK 4
;STOREI 20 !T0
;STOREI !T0 $-1
;STOREI 30 !T1
;STOREI !T1 $-2
;STOREI 40 !T2
;STOREI !T2 $-3
;MULTI $-1 $-2 !T3
;ADDI $-3 !T3 !T4
;MULTI $-1 $-2 !T5
;ADDI !T5 $-3 !T6
;DIVI !T6 $-1 !T7
;ADDI !T4 !T7 !T8
;STOREI 20 !T9
;ADDI !T8 !T9 !T10
;STOREI !T10 $-3
;MULTI $-2 $-2 !T11
;ADDI !T11 $-1 !T12
;STOREI !T12 $-2
;MULTI $-2 $-1 !T13
;DIVI !T13 $-1 !T14
;STOREI !T14 $-1
;WRITEI $-3
;WRITEI $-2
;WRITEI $-1
;UNLINK
;RET
var a
var b
var c
push
push
push
push
push
jsr labelmain
sys halt
label labelmain
link 3
move 20 r0
move r0 a
move 30 r0
move r0 b
move 40 r0
move r0 c
move a r0
muli b r0
move c r1
addi r0 r1
move a r0
muli b r0
addi c r0
divi a r0
addi r1 r0
move 20 r1
addi r0 r1
move r1 c
move b r0
muli b r0
addi a r0
move r0 b
move b r0
muli a r0
divi a r0
move r0 a
sys writei c
sys writei b
sys writei a
unlnk
ret
