;*****Start Unoptimized IR Code*****
;0>> STOREI 7 $T0
;1>> STOREI $T0 num
;2>> STOREI 2 $T1
;3>> STOREI $T1 i
;4>> STOREI 42 $T2
;5>> STOREI $T2 a
;6>> STOREI 5 $T3
;7>> GE i $T3 IF_ELSE_L2
;8>> ADDI num a $T4
;9>> STOREI $T4 num
;10>> STOREI 3 $T5
;11>> GE i $T5 IF_ELSE_L0
;12>> ADDI num a $T6
;13>> STOREI $T6 num
;14>> JUMP IF_END_L0
;15>> LABEL IF_ELSE_L0
;16>> LABEL IF_END_L0
;17>> JUMP IF_END_L2
;18>> LABEL IF_ELSE_L2
;19>> STOREI 5 $T7
;20>> LT i $T7 IF_ELSE_L1
;21>> SUBI num a $T8
;22>> STOREI $T8 num
;23>> JUMP IF_END_L1
;24>> LABEL IF_ELSE_L1
;25>> LABEL IF_END_L1
;26>> LABEL IF_END_L2
;27>> WRITEI num
;*****End Unoptimized IR Code*****
;*****Start Unoptimized Tiny Code*****
;var i
;var a
;var num
;move 7 r0
;move r0 num
;move 2 r1
;move r1 i
;move 42 r2
;move r2 a
;move 5 r3
;cmpi i r3
;jge IF_ELSE_L2
;move num r4
;addi a r4
;move r4 num
;move 3 r5
;cmpi i r5
;jge IF_ELSE_L0
;move num r6
;addi a r6
;move r6 num
;jmp IF_END_L0
;label IF_ELSE_L0
;label IF_END_L0
;jmp IF_END_L2
;label IF_ELSE_L2
;move 5 r7
;cmpi i r7
;jlt IF_ELSE_L1
;move num r8
;subi a r8
;move r8 num
;jmp IF_END_L1
;label IF_ELSE_L1
;label IF_END_L1
;label IF_END_L2
;sys writei num
;sys halt
;end
;*****End Unoptimized Tiny Code*****
;*****Start Optimized IR Code*****
;0>> STOREI 91 num
;1>> WRITEI num
;*****End Optimized IR Code*****
;*****Start Optimized Tiny Code*****
var i
var a
var num
move 91 num
sys writei num
sys halt
end
;*****End Optimized Tiny Code*****